==============================================================================
TASK: wfflab__wreparse-217
  task_id             = wfflab__wreparse-217
  language            = powershell
  module_rel          = environment\workspace\WReparse
  container_writable  = C:\task\environment\workspace\WReparse
  contract_docs       = ['C:\\task\\environment\\workspace\\docs\\REPARSE-CONTRACT.md']
  samples_dir         = None
  --- write whitelist ---
    ALLOW C:\task\environment\workspace\WReparse\Walker.ps1
    deny  C:\task\environment\workspace\docs\REPARSE-CONTRACT.md
    deny  C:\task\instruction.md
  --- first user turn ---
    Read C:\task\instruction.md, and then C:\task\environment\workspace\docs\REPARSE-CONTRACT.md, inspect C:\task\environment\workspace\WReparse, and fix the implementation so it satisfies the specification. Start now.
  --- system prompt ---
   | You are a senior Windows/PowerShell engineer. You work inside a
   | Windows Server Core container whose task tree is mounted at C:\task, and you have a
   | separate set of tools to read and write files in that tree.
   | 
   | Your job: make the PowerShell module at
   |   C:\task\environment\workspace\WReparse
   | satisfy the task specification.
   | 
   | The authoritative task statement is:
   |   C:\task\instruction.md
   | 
   | Reference material that ships with the task:
   |     - C:\task\environment\workspace\docs\REPARSE-CONTRACT.md
   | 
   | Hard rules:
   | - You may only WRITE under C:\task\environment\workspace\WReparse.
   | - Everything else in the task tree is read-only. Do not modify it.
   | - Target Windows PowerShell 5.1. No external modules or packages. No network access.
   | - Keep the public API names, signatures and exported names exactly as the
   |   specification states.
   | - Where the task statement declares a document to be a draft or otherwise
   |   superseded, trust the sources it names instead of that document.
   | 
   | Working notes:
   | - The graders build their own fixtures; no grading fixture or scoring script is
   |   provided. Implement the specified behaviour rather than reverse-engineering one
   |   example.
   | - Your container is a read/write filesystem view only: you cannot execute code or
   |   run tests. Make the edit correct by reasoning about the specification and any
   |   authoritative samples.
   | - Binary files are readable through read_file, which returns a hex dump.
   | - Re-read the specification before you write. Most defects are small off-by-one,
   |   casing, ordering or framing mistakes.
   | 
   | When you are confident the specification is fully satisfied, call finish with a short summary.
  --- tools ---
    - list_dir   List the entries of a directory inside the container task tree.
    - read_file  Read a file from the container task tree. Text files come back with line numbers; binary files c
    - write_file Create or overwrite a file. Only paths under C:\task\environment\workspace\WReparse are writable
    - finish     Declare the work complete. Call this only when you believe the implementation satisfies the spec
==============================================================================
TASK: wfflab__wfmt-215
  task_id             = wfflab__wfmt-215
  language            = python
  module_rel          = environment\workspace\wfmt
  container_writable  = C:\task\environment\workspace\wfmt
  contract_docs       = ['C:\\task\\environment\\workspace\\docs\\FORMAT.md']
  samples_dir         = C:\task\environment\workspace\assets
  --- write whitelist ---
    ALLOW C:\task\environment\workspace\wfmt\varint.py
    ALLOW C:\task\environment\workspace\wfmt\codec.py
    deny  C:\task\environment\workspace\docs\FORMAT.md
    deny  C:\task\environment\workspace\assets\sample.wfmt
    deny  C:\task\instruction.md
  --- first user turn ---
    Read C:\task\instruction.md, and then C:\task\environment\workspace\docs\FORMAT.md, and the samples under C:\task\environment\workspace\assets, inspect C:\task\environment\workspace\wfmt, and fix the implementation so it satisfies the specification. Start now.
  --- system prompt ---
   | You are a senior Python engineer. You work inside a
   | Windows Server Core container whose task tree is mounted at C:\task, and you have a
   | separate set of tools to read and write files in that tree.
   | 
   | Your job: make the Python package at
   |   C:\task\environment\workspace\wfmt
   | satisfy the task specification.
   | 
   | The authoritative task statement is:
   |   C:\task\instruction.md
   | 
   | Reference material that ships with the task:
   |     - C:\task\environment\workspace\docs\FORMAT.md
   |     - C:\task\environment\workspace\assets (binary samples; read them with read_file, which returns a hex dump)
   | 
   | Hard rules:
   | - You may only WRITE under C:\task\environment\workspace\wfmt.
   | - Everything else in the task tree is read-only. Do not modify it.
   | - Target the CPython 3 standard library only. No third-party packages. No network access.
   | - Keep the public API names, signatures and exported names exactly as the
   |   specification states.
   | - Where the task statement declares a document to be a draft or otherwise
   |   superseded, trust the sources it names instead of that document.
   | 
   | Working notes:
   | - The graders build their own fixtures; no grading fixture or scoring script is
   |   provided. Implement the specified behaviour rather than reverse-engineering one
   |   example.
   | - Your container is a read/write filesystem view only: you cannot execute code or
   |   run tests. Make the edit correct by reasoning about the specification and any
   |   authoritative samples.
   | - Binary files are readable through read_file, which returns a hex dump.
   | - Re-read the specification before you write. Most defects are small off-by-one,
   |   casing, ordering or framing mistakes.
   | 
   | When you are confident the specification is fully satisfied, call finish with a short summary.
  --- tools ---
    - list_dir   List the entries of a directory inside the container task tree.
    - read_file  Read a file from the container task tree. Text files come back with line numbers; binary files c
    - write_file Create or overwrite a file. Only paths under C:\task\environment\workspace\wfmt are writable.
    - finish     Declare the work complete. Call this only when you believe the implementation satisfies the spec

==============================================================================
END-TO-END PLUMBING (wfflab__wfmt-215)
  view module exists      : True ['__init__.py', 'codec.py', 'crc.py', 'errors.py'] ...
  leaked verifier files   : ['environment/workspace/tests/test_wfmt_basic.py']
  fingerprint changed     : True
  edit mirrored to case   : True
  sample bytes preserved  : True (309 bytes)
  hex dump head:
   > (binary file, 309 bytes -- hex dump, 16 bytes per line)
   > (20 lines total)
   > 00000000  57 46 4d 54 01 05 00 00   00 01 05 61 6c 70 68 61  |WFMT.......alpha|
   > 00000010  00 02 00 00 00 ac 02 0a   78 78 78 78 78 78 78 78  |........xxxxxxxx|

DONE
